Archive member included to satisfy reference by file (symbol)

e:/ebedded systems diploma/interfacing/as/7.0/toolchain/avr8/avr8-gnu-toolchain/bin/../lib/gcc/avr/5.4.0/../../../../avr/lib/avr5\libm.a(addsf3.o)
                              HAL/LCD/src/LCD.o (__subsf3)
e:/ebedded systems diploma/interfacing/as/7.0/toolchain/avr8/avr8-gnu-toolchain/bin/../lib/gcc/avr/5.4.0/../../../../avr/lib/avr5\libm.a(addsf3x.o)
                              e:/ebedded systems diploma/interfacing/as/7.0/toolchain/avr8/avr8-gnu-toolchain/bin/../lib/gcc/avr/5.4.0/../../../../avr/lib/avr5\libm.a(addsf3.o) (__addsf3x)
e:/ebedded systems diploma/interfacing/as/7.0/toolchain/avr8/avr8-gnu-toolchain/bin/../lib/gcc/avr/5.4.0/../../../../avr/lib/avr5\libm.a(fixunssfsi.o)
                              HAL/LCD/src/LCD.o (__fixunssfsi)
e:/ebedded systems diploma/interfacing/as/7.0/toolchain/avr8/avr8-gnu-toolchain/bin/../lib/gcc/avr/5.4.0/../../../../avr/lib/avr5\libm.a(floatsisf.o)
                              HAL/LCD/src/LCD.o (__floatunsisf)
e:/ebedded systems diploma/interfacing/as/7.0/toolchain/avr8/avr8-gnu-toolchain/bin/../lib/gcc/avr/5.4.0/../../../../avr/lib/avr5\libm.a(fp_inf.o)
                              e:/ebedded systems diploma/interfacing/as/7.0/toolchain/avr8/avr8-gnu-toolchain/bin/../lib/gcc/avr/5.4.0/../../../../avr/lib/avr5\libm.a(addsf3x.o) (__fp_inf)
e:/ebedded systems diploma/interfacing/as/7.0/toolchain/avr8/avr8-gnu-toolchain/bin/../lib/gcc/avr/5.4.0/../../../../avr/lib/avr5\libm.a(fp_nan.o)
                              e:/ebedded systems diploma/interfacing/as/7.0/toolchain/avr8/avr8-gnu-toolchain/bin/../lib/gcc/avr/5.4.0/../../../../avr/lib/avr5\libm.a(addsf3x.o) (__fp_nan)
e:/ebedded systems diploma/interfacing/as/7.0/toolchain/avr8/avr8-gnu-toolchain/bin/../lib/gcc/avr/5.4.0/../../../../avr/lib/avr5\libm.a(fp_pscA.o)
                              e:/ebedded systems diploma/interfacing/as/7.0/toolchain/avr8/avr8-gnu-toolchain/bin/../lib/gcc/avr/5.4.0/../../../../avr/lib/avr5\libm.a(addsf3x.o) (__fp_pscA)
e:/ebedded systems diploma/interfacing/as/7.0/toolchain/avr8/avr8-gnu-toolchain/bin/../lib/gcc/avr/5.4.0/../../../../avr/lib/avr5\libm.a(fp_pscB.o)
                              e:/ebedded systems diploma/interfacing/as/7.0/toolchain/avr8/avr8-gnu-toolchain/bin/../lib/gcc/avr/5.4.0/../../../../avr/lib/avr5\libm.a(addsf3x.o) (__fp_pscB)
e:/ebedded systems diploma/interfacing/as/7.0/toolchain/avr8/avr8-gnu-toolchain/bin/../lib/gcc/avr/5.4.0/../../../../avr/lib/avr5\libm.a(fp_round.o)
                              e:/ebedded systems diploma/interfacing/as/7.0/toolchain/avr8/avr8-gnu-toolchain/bin/../lib/gcc/avr/5.4.0/../../../../avr/lib/avr5\libm.a(addsf3.o) (__fp_round)
e:/ebedded systems diploma/interfacing/as/7.0/toolchain/avr8/avr8-gnu-toolchain/bin/../lib/gcc/avr/5.4.0/../../../../avr/lib/avr5\libm.a(fp_split3.o)
                              e:/ebedded systems diploma/interfacing/as/7.0/toolchain/avr8/avr8-gnu-toolchain/bin/../lib/gcc/avr/5.4.0/../../../../avr/lib/avr5\libm.a(addsf3x.o) (__fp_split3)
e:/ebedded systems diploma/interfacing/as/7.0/toolchain/avr8/avr8-gnu-toolchain/bin/../lib/gcc/avr/5.4.0/../../../../avr/lib/avr5\libm.a(fp_zero.o)
                              e:/ebedded systems diploma/interfacing/as/7.0/toolchain/avr8/avr8-gnu-toolchain/bin/../lib/gcc/avr/5.4.0/../../../../avr/lib/avr5\libm.a(addsf3x.o) (__fp_zero)
e:/ebedded systems diploma/interfacing/as/7.0/toolchain/avr8/avr8-gnu-toolchain/bin/../lib/gcc/avr/5.4.0/../../../../avr/lib/avr5\libm.a(mulsf3.o)
                              HAL/LCD/src/LCD.o (__mulsf3)
e:/ebedded systems diploma/interfacing/as/7.0/toolchain/avr8/avr8-gnu-toolchain/bin/../lib/gcc/avr/5.4.0/../../../../avr/lib/avr5\libm.a(mulsf3x.o)
                              e:/ebedded systems diploma/interfacing/as/7.0/toolchain/avr8/avr8-gnu-toolchain/bin/../lib/gcc/avr/5.4.0/../../../../avr/lib/avr5\libm.a(mulsf3.o) (__mulsf3x)
e:/ebedded systems diploma/interfacing/as/7.0/toolchain/avr8/avr8-gnu-toolchain/bin/../lib/gcc/avr/5.4.0/avr5\libgcc.a(_exit.o)
                              E:/Ebedded systems Diploma/interfacing/AS/7.0/Packs/atmel/ATmega_DFP/1.7.374/gcc/dev/atmega32/avr5/crtatmega32.o (exit)
e:/ebedded systems diploma/interfacing/as/7.0/toolchain/avr8/avr8-gnu-toolchain/bin/../lib/gcc/avr/5.4.0/avr5\libgcc.a(_copy_data.o)
                              main.o (__do_copy_data)
e:/ebedded systems diploma/interfacing/as/7.0/toolchain/avr8/avr8-gnu-toolchain/bin/../lib/gcc/avr/5.4.0/avr5\libgcc.a(_umulhisi3.o)
                              HAL/LCD/src/LCD.o (__umulhisi3)

Discarded input sections

 .data          0x00000000        0x0 E:/Ebedded systems Diploma/interfacing/AS/7.0/Packs/atmel/ATmega_DFP/1.7.374/gcc/dev/atmega32/avr5/crtatmega32.o
 .bss           0x00000000        0x0 E:/Ebedded systems Diploma/interfacing/AS/7.0/Packs/atmel/ATmega_DFP/1.7.374/gcc/dev/atmega32/avr5/crtatmega32.o
 .text          0x00000000        0x0 HAL/DC motor/src/DcMotor.o
 .data          0x00000000        0x0 HAL/DC motor/src/DcMotor.o
 .bss           0x00000000        0x0 HAL/DC motor/src/DcMotor.o
 .text          0x00000000        0x0 HAL/LCD/src/LCD.o
 .data          0x00000000        0x0 HAL/LCD/src/LCD.o
 .bss           0x00000000        0x0 HAL/LCD/src/LCD.o
 .text.lcd_clear
                0x00000000       0x16 HAL/LCD/src/LCD.o
 .text          0x00000000        0x0 HAL/servo motor/src/Servo.o
 .data          0x00000000        0x0 HAL/servo motor/src/Servo.o
 .bss           0x00000000        0x0 HAL/servo motor/src/Servo.o
 .text          0x00000000        0x0 HAL/Ultrasonic/src/UltraSonic.o
 .data          0x00000000        0x0 HAL/Ultrasonic/src/UltraSonic.o
 .bss           0x00000000        0x0 HAL/Ultrasonic/src/UltraSonic.o
 .text.HCSR04Trigger
                0x00000000       0x14 HAL/Ultrasonic/src/UltraSonic.o
 .text          0x00000000        0x0 main.o
 .data          0x00000000        0x0 main.o
 .bss           0x00000000        0x0 main.o
 .text          0x00000000        0x0 MCAL/Dioo.o
 .data          0x00000000        0x0 MCAL/Dioo.o
 .bss           0x00000000        0x0 MCAL/Dioo.o
 .text.ReadChannel
                0x00000000       0x7a MCAL/Dioo.o
 .text.DIO_TOGGLE
                0x00000000       0x68 MCAL/Dioo.o
 .text          0x00000000        0x0 MCAL/Timer.o
 .data          0x00000000        0x0 MCAL/Timer.o
 .bss           0x00000000        0x0 MCAL/Timer.o
 .debug_info    0x00000000       0x56 MCAL/Timer.o
 .debug_abbrev  0x00000000       0x1b MCAL/Timer.o
 .debug_aranges
                0x00000000       0x18 MCAL/Timer.o
 .debug_line    0x00000000       0x1a MCAL/Timer.o
 .debug_str     0x00000000      0x17b MCAL/Timer.o
 .comment       0x00000000       0x31 MCAL/Timer.o
 .text          0x00000000        0x0 e:/ebedded systems diploma/interfacing/as/7.0/toolchain/avr8/avr8-gnu-toolchain/bin/../lib/gcc/avr/5.4.0/../../../../avr/lib/avr5\libm.a(addsf3.o)
 .data          0x00000000        0x0 e:/ebedded systems diploma/interfacing/as/7.0/toolchain/avr8/avr8-gnu-toolchain/bin/../lib/gcc/avr/5.4.0/../../../../avr/lib/avr5\libm.a(addsf3.o)
 .bss           0x00000000        0x0 e:/ebedded systems diploma/interfacing/as/7.0/toolchain/avr8/avr8-gnu-toolchain/bin/../lib/gcc/avr/5.4.0/../../../../avr/lib/avr5\libm.a(addsf3.o)
 .text          0x00000000        0x0 e:/ebedded systems diploma/interfacing/as/7.0/toolchain/avr8/avr8-gnu-toolchain/bin/../lib/gcc/avr/5.4.0/../../../../avr/lib/avr5\libm.a(addsf3x.o)
 .data          0x00000000        0x0 e:/ebedded systems diploma/interfacing/as/7.0/toolchain/avr8/avr8-gnu-toolchain/bin/../lib/gcc/avr/5.4.0/../../../../avr/lib/avr5\libm.a(addsf3x.o)
 .bss           0x00000000        0x0 e:/ebedded systems diploma/interfacing/as/7.0/toolchain/avr8/avr8-gnu-toolchain/bin/../lib/gcc/avr/5.4.0/../../../../avr/lib/avr5\libm.a(addsf3x.o)
 .text          0x00000000        0x0 e:/ebedded systems diploma/interfacing/as/7.0/toolchain/avr8/avr8-gnu-toolchain/bin/../lib/gcc/avr/5.4.0/../../../../avr/lib/avr5\libm.a(fixunssfsi.o)
 .data          0x00000000        0x0 e:/ebedded systems diploma/interfacing/as/7.0/toolchain/avr8/avr8-gnu-toolchain/bin/../lib/gcc/avr/5.4.0/../../../../avr/lib/avr5\libm.a(fixunssfsi.o)
 .bss           0x00000000        0x0 e:/ebedded systems diploma/interfacing/as/7.0/toolchain/avr8/avr8-gnu-toolchain/bin/../lib/gcc/avr/5.4.0/../../../../avr/lib/avr5\libm.a(fixunssfsi.o)
 .text          0x00000000        0x0 e:/ebedded systems diploma/interfacing/as/7.0/toolchain/avr8/avr8-gnu-toolchain/bin/../lib/gcc/avr/5.4.0/../../../../avr/lib/avr5\libm.a(floatsisf.o)
 .data          0x00000000        0x0 e:/ebedded systems diploma/interfacing/as/7.0/toolchain/avr8/avr8-gnu-toolchain/bin/../lib/gcc/avr/5.4.0/../../../../avr/lib/avr5\libm.a(floatsisf.o)
 .bss           0x00000000        0x0 e:/ebedded systems diploma/interfacing/as/7.0/toolchain/avr8/avr8-gnu-toolchain/bin/../lib/gcc/avr/5.4.0/../../../../avr/lib/avr5\libm.a(floatsisf.o)
 .text          0x00000000        0x0 e:/ebedded systems diploma/interfacing/as/7.0/toolchain/avr8/avr8-gnu-toolchain/bin/../lib/gcc/avr/5.4.0/../../../../avr/lib/avr5\libm.a(fp_inf.o)
 .data          0x00000000        0x0 e:/ebedded systems diploma/interfacing/as/7.0/toolchain/avr8/avr8-gnu-toolchain/bin/../lib/gcc/avr/5.4.0/../../../../avr/lib/avr5\libm.a(fp_inf.o)
 .bss           0x00000000        0x0 e:/ebedded systems diploma/interfacing/as/7.0/toolchain/avr8/avr8-gnu-toolchain/bin/../lib/gcc/avr/5.4.0/../../../../avr/lib/avr5\libm.a(fp_inf.o)
 .text          0x00000000        0x0 e:/ebedded systems diploma/interfacing/as/7.0/toolchain/avr8/avr8-gnu-toolchain/bin/../lib/gcc/avr/5.4.0/../../../../avr/lib/avr5\libm.a(fp_nan.o)
 .data          0x00000000        0x0 e:/ebedded systems diploma/interfacing/as/7.0/toolchain/avr8/avr8-gnu-toolchain/bin/../lib/gcc/avr/5.4.0/../../../../avr/lib/avr5\libm.a(fp_nan.o)
 .bss           0x00000000        0x0 e:/ebedded systems diploma/interfacing/as/7.0/toolchain/avr8/avr8-gnu-toolchain/bin/../lib/gcc/avr/5.4.0/../../../../avr/lib/avr5\libm.a(fp_nan.o)
 .text          0x00000000        0x0 e:/ebedded systems diploma/interfacing/as/7.0/toolchain/avr8/avr8-gnu-toolchain/bin/../lib/gcc/avr/5.4.0/../../../../avr/lib/avr5\libm.a(fp_pscA.o)
 .data          0x00000000        0x0 e:/ebedded systems diploma/interfacing/as/7.0/toolchain/avr8/avr8-gnu-toolchain/bin/../lib/gcc/avr/5.4.0/../../../../avr/lib/avr5\libm.a(fp_pscA.o)
 .bss           0x00000000        0x0 e:/ebedded systems diploma/interfacing/as/7.0/toolchain/avr8/avr8-gnu-toolchain/bin/../lib/gcc/avr/5.4.0/../../../../avr/lib/avr5\libm.a(fp_pscA.o)
 .text          0x00000000        0x0 e:/ebedded systems diploma/interfacing/as/7.0/toolchain/avr8/avr8-gnu-toolchain/bin/../lib/gcc/avr/5.4.0/../../../../avr/lib/avr5\libm.a(fp_pscB.o)
 .data          0x00000000        0x0 e:/ebedded systems diploma/interfacing/as/7.0/toolchain/avr8/avr8-gnu-toolchain/bin/../lib/gcc/avr/5.4.0/../../../../avr/lib/avr5\libm.a(fp_pscB.o)
 .bss           0x00000000        0x0 e:/ebedded systems diploma/interfacing/as/7.0/toolchain/avr8/avr8-gnu-toolchain/bin/../lib/gcc/avr/5.4.0/../../../../avr/lib/avr5\libm.a(fp_pscB.o)
 .text          0x00000000        0x0 e:/ebedded systems diploma/interfacing/as/7.0/toolchain/avr8/avr8-gnu-toolchain/bin/../lib/gcc/avr/5.4.0/../../../../avr/lib/avr5\libm.a(fp_round.o)
 .data          0x00000000        0x0 e:/ebedded systems diploma/interfacing/as/7.0/toolchain/avr8/avr8-gnu-toolchain/bin/../lib/gcc/avr/5.4.0/../../../../avr/lib/avr5\libm.a(fp_round.o)
 .bss           0x00000000        0x0 e:/ebedded systems diploma/interfacing/as/7.0/toolchain/avr8/avr8-gnu-toolchain/bin/../lib/gcc/avr/5.4.0/../../../../avr/lib/avr5\libm.a(fp_round.o)
 .text          0x00000000        0x0 e:/ebedded systems diploma/interfacing/as/7.0/toolchain/avr8/avr8-gnu-toolchain/bin/../lib/gcc/avr/5.4.0/../../../../avr/lib/avr5\libm.a(fp_split3.o)
 .data          0x00000000        0x0 e:/ebedded systems diploma/interfacing/as/7.0/toolchain/avr8/avr8-gnu-toolchain/bin/../lib/gcc/avr/5.4.0/../../../../avr/lib/avr5\libm.a(fp_split3.o)
 .bss           0x00000000        0x0 e:/ebedded systems diploma/interfacing/as/7.0/toolchain/avr8/avr8-gnu-toolchain/bin/../lib/gcc/avr/5.4.0/../../../../avr/lib/avr5\libm.a(fp_split3.o)
 .text          0x00000000        0x0 e:/ebedded systems diploma/interfacing/as/7.0/toolchain/avr8/avr8-gnu-toolchain/bin/../lib/gcc/avr/5.4.0/../../../../avr/lib/avr5\libm.a(fp_zero.o)
 .data          0x00000000        0x0 e:/ebedded systems diploma/interfacing/as/7.0/toolchain/avr8/avr8-gnu-toolchain/bin/../lib/gcc/avr/5.4.0/../../../../avr/lib/avr5\libm.a(fp_zero.o)
 .bss           0x00000000        0x0 e:/ebedded systems diploma/interfacing/as/7.0/toolchain/avr8/avr8-gnu-toolchain/bin/../lib/gcc/avr/5.4.0/../../../../avr/lib/avr5\libm.a(fp_zero.o)
 .text          0x00000000        0x0 e:/ebedded systems diploma/interfacing/as/7.0/toolchain/avr8/avr8-gnu-toolchain/bin/../lib/gcc/avr/5.4.0/../../../../avr/lib/avr5\libm.a(mulsf3.o)
 .data          0x00000000        0x0 e:/ebedded systems diploma/interfacing/as/7.0/toolchain/avr8/avr8-gnu-toolchain/bin/../lib/gcc/avr/5.4.0/../../../../avr/lib/avr5\libm.a(mulsf3.o)
 .bss           0x00000000        0x0 e:/ebedded systems diploma/interfacing/as/7.0/toolchain/avr8/avr8-gnu-toolchain/bin/../lib/gcc/avr/5.4.0/../../../../avr/lib/avr5\libm.a(mulsf3.o)
 .text          0x00000000        0x0 e:/ebedded systems diploma/interfacing/as/7.0/toolchain/avr8/avr8-gnu-toolchain/bin/../lib/gcc/avr/5.4.0/../../../../avr/lib/avr5\libm.a(mulsf3x.o)
 .data          0x00000000        0x0 e:/ebedded systems diploma/interfacing/as/7.0/toolchain/avr8/avr8-gnu-toolchain/bin/../lib/gcc/avr/5.4.0/../../../../avr/lib/avr5\libm.a(mulsf3x.o)
 .bss           0x00000000        0x0 e:/ebedded systems diploma/interfacing/as/7.0/toolchain/avr8/avr8-gnu-toolchain/bin/../lib/gcc/avr/5.4.0/../../../../avr/lib/avr5\libm.a(mulsf3x.o)
 .text          0x00000000        0x0 e:/ebedded systems diploma/interfacing/as/7.0/toolchain/avr8/avr8-gnu-toolchain/bin/../lib/gcc/avr/5.4.0/avr5\libgcc.a(_exit.o)
 .data          0x00000000        0x0 e:/ebedded systems diploma/interfacing/as/7.0/toolchain/avr8/avr8-gnu-toolchain/bin/../lib/gcc/avr/5.4.0/avr5\libgcc.a(_exit.o)
 .bss           0x00000000        0x0 e:/ebedded systems diploma/interfacing/as/7.0/toolchain/avr8/avr8-gnu-toolchain/bin/../lib/gcc/avr/5.4.0/avr5\libgcc.a(_exit.o)
 .text.libgcc.mul
                0x00000000        0x0 e:/ebedded systems diploma/interfacing/as/7.0/toolchain/avr8/avr8-gnu-toolchain/bin/../lib/gcc/avr/5.4.0/avr5\libgcc.a(_exit.o)
 .text.libgcc.div
                0x00000000        0x0 e:/ebedded systems diploma/interfacing/as/7.0/toolchain/avr8/avr8-gnu-toolchain/bin/../lib/gcc/avr/5.4.0/avr5\libgcc.a(_exit.o)
 .text.libgcc   0x00000000        0x0 e:/ebedded systems diploma/interfacing/as/7.0/toolchain/avr8/avr8-gnu-toolchain/bin/../lib/gcc/avr/5.4.0/avr5\libgcc.a(_exit.o)
 .text.libgcc.prologue
                0x00000000        0x0 e:/ebedded systems diploma/interfacing/as/7.0/toolchain/avr8/avr8-gnu-toolchain/bin/../lib/gcc/avr/5.4.0/avr5\libgcc.a(_exit.o)
 .text.libgcc.builtins
                0x00000000        0x0 e:/ebedded systems diploma/interfacing/as/7.0/toolchain/avr8/avr8-gnu-toolchain/bin/../lib/gcc/avr/5.4.0/avr5\libgcc.a(_exit.o)
 .text.libgcc.fmul
                0x00000000        0x0 e:/ebedded systems diploma/interfacing/as/7.0/toolchain/avr8/avr8-gnu-toolchain/bin/../lib/gcc/avr/5.4.0/avr5\libgcc.a(_exit.o)
 .text.libgcc.fixed
                0x00000000        0x0 e:/ebedded systems diploma/interfacing/as/7.0/toolchain/avr8/avr8-gnu-toolchain/bin/../lib/gcc/avr/5.4.0/avr5\libgcc.a(_exit.o)
 .text          0x00000000        0x0 e:/ebedded systems diploma/interfacing/as/7.0/toolchain/avr8/avr8-gnu-toolchain/bin/../lib/gcc/avr/5.4.0/avr5\libgcc.a(_copy_data.o)
 .data          0x00000000        0x0 e:/ebedded systems diploma/interfacing/as/7.0/toolchain/avr8/avr8-gnu-toolchain/bin/../lib/gcc/avr/5.4.0/avr5\libgcc.a(_copy_data.o)
 .bss           0x00000000        0x0 e:/ebedded systems diploma/interfacing/as/7.0/toolchain/avr8/avr8-gnu-toolchain/bin/../lib/gcc/avr/5.4.0/avr5\libgcc.a(_copy_data.o)
 .text.libgcc.mul
                0x00000000        0x0 e:/ebedded systems diploma/interfacing/as/7.0/toolchain/avr8/avr8-gnu-toolchain/bin/../lib/gcc/avr/5.4.0/avr5\libgcc.a(_copy_data.o)
 .text.libgcc.div
                0x00000000        0x0 e:/ebedded systems diploma/interfacing/as/7.0/toolchain/avr8/avr8-gnu-toolchain/bin/../lib/gcc/avr/5.4.0/avr5\libgcc.a(_copy_data.o)
 .text.libgcc   0x00000000        0x0 e:/ebedded systems diploma/interfacing/as/7.0/toolchain/avr8/avr8-gnu-toolchain/bin/../lib/gcc/avr/5.4.0/avr5\libgcc.a(_copy_data.o)
 .text.libgcc.prologue
                0x00000000        0x0 e:/ebedded systems diploma/interfacing/as/7.0/toolchain/avr8/avr8-gnu-toolchain/bin/../lib/gcc/avr/5.4.0/avr5\libgcc.a(_copy_data.o)
 .text.libgcc.builtins
                0x00000000        0x0 e:/ebedded systems diploma/interfacing/as/7.0/toolchain/avr8/avr8-gnu-toolchain/bin/../lib/gcc/avr/5.4.0/avr5\libgcc.a(_copy_data.o)
 .text.libgcc.fmul
                0x00000000        0x0 e:/ebedded systems diploma/interfacing/as/7.0/toolchain/avr8/avr8-gnu-toolchain/bin/../lib/gcc/avr/5.4.0/avr5\libgcc.a(_copy_data.o)
 .text.libgcc.fixed
                0x00000000        0x0 e:/ebedded systems diploma/interfacing/as/7.0/toolchain/avr8/avr8-gnu-toolchain/bin/../lib/gcc/avr/5.4.0/avr5\libgcc.a(_copy_data.o)
 .text          0x00000000        0x0 e:/ebedded systems diploma/interfacing/as/7.0/toolchain/avr8/avr8-gnu-toolchain/bin/../lib/gcc/avr/5.4.0/avr5\libgcc.a(_umulhisi3.o)
 .data          0x00000000        0x0 e:/ebedded systems diploma/interfacing/as/7.0/toolchain/avr8/avr8-gnu-toolchain/bin/../lib/gcc/avr/5.4.0/avr5\libgcc.a(_umulhisi3.o)
 .bss           0x00000000        0x0 e:/ebedded systems diploma/interfacing/as/7.0/toolchain/avr8/avr8-gnu-toolchain/bin/../lib/gcc/avr/5.4.0/avr5\libgcc.a(_umulhisi3.o)
 .text.libgcc.div
                0x00000000        0x0 e:/ebedded systems diploma/interfacing/as/7.0/toolchain/avr8/avr8-gnu-toolchain/bin/../lib/gcc/avr/5.4.0/avr5\libgcc.a(_umulhisi3.o)
 .text.libgcc   0x00000000        0x0 e:/ebedded systems diploma/interfacing/as/7.0/toolchain/avr8/avr8-gnu-toolchain/bin/../lib/gcc/avr/5.4.0/avr5\libgcc.a(_umulhisi3.o)
 .text.libgcc.prologue
                0x00000000        0x0 e:/ebedded systems diploma/interfacing/as/7.0/toolchain/avr8/avr8-gnu-toolchain/bin/../lib/gcc/avr/5.4.0/avr5\libgcc.a(_umulhisi3.o)
 .text.libgcc.builtins
                0x00000000        0x0 e:/ebedded systems diploma/interfacing/as/7.0/toolchain/avr8/avr8-gnu-toolchain/bin/../lib/gcc/avr/5.4.0/avr5\libgcc.a(_umulhisi3.o)
 .text.libgcc.fmul
                0x00000000        0x0 e:/ebedded systems diploma/interfacing/as/7.0/toolchain/avr8/avr8-gnu-toolchain/bin/../lib/gcc/avr/5.4.0/avr5\libgcc.a(_umulhisi3.o)
 .text.libgcc.fixed
                0x00000000        0x0 e:/ebedded systems diploma/interfacing/as/7.0/toolchain/avr8/avr8-gnu-toolchain/bin/../lib/gcc/avr/5.4.0/avr5\libgcc.a(_umulhisi3.o)

Memory Configuration

Name             Origin             Length             Attributes
text             0x00000000         0x00008000         xr
data             0x00800060         0x00000800         rw !x
eeprom           0x00810000         0x00000400         rw !x
fuse             0x00820000         0x00000002         rw !x
lock             0x00830000         0x00000400         rw !x
signature        0x00840000         0x00000400         rw !x
user_signatures  0x00850000         0x00000400         rw !x
*default*        0x00000000         0xffffffff

Linker script and memory map

LOAD E:/Ebedded systems Diploma/interfacing/AS/7.0/Packs/atmel/ATmega_DFP/1.7.374/gcc/dev/atmega32/avr5/crtatmega32.o
LOAD HAL/DC motor/src/DcMotor.o
LOAD HAL/LCD/src/LCD.o
LOAD HAL/servo motor/src/Servo.o
LOAD HAL/Ultrasonic/src/UltraSonic.o
LOAD main.o
LOAD MCAL/Dioo.o
LOAD MCAL/Timer.o
START GROUP
LOAD e:/ebedded systems diploma/interfacing/as/7.0/toolchain/avr8/avr8-gnu-toolchain/bin/../lib/gcc/avr/5.4.0/../../../../avr/lib/avr5\libm.a
END GROUP
START GROUP
LOAD e:/ebedded systems diploma/interfacing/as/7.0/toolchain/avr8/avr8-gnu-toolchain/bin/../lib/gcc/avr/5.4.0/avr5\libgcc.a
LOAD e:/ebedded systems diploma/interfacing/as/7.0/toolchain/avr8/avr8-gnu-toolchain/bin/../lib/gcc/avr/5.4.0/../../../../avr/lib/avr5\libm.a
LOAD e:/ebedded systems diploma/interfacing/as/7.0/toolchain/avr8/avr8-gnu-toolchain/bin/../lib/gcc/avr/5.4.0/../../../../avr/lib/avr5\libc.a
LOAD E:/Ebedded systems Diploma/interfacing/AS/7.0/Packs/atmel/ATmega_DFP/1.7.374/gcc/dev/atmega32/avr5\libatmega32.a
END GROUP
                0x00000000                __TEXT_REGION_ORIGIN__ = DEFINED (__TEXT_REGION_ORIGIN__)?__TEXT_REGION_ORIGIN__:0x0
                [0x00800060]                __DATA_REGION_ORIGIN__ = DEFINED (__DATA_REGION_ORIGIN__)?__DATA_REGION_ORIGIN__:0x800060
                [0x00008000]                __TEXT_REGION_LENGTH__ = DEFINED (__TEXT_REGION_LENGTH__)?__TEXT_REGION_LENGTH__:0x20000
                [0x00000800]                __DATA_REGION_LENGTH__ = DEFINED (__DATA_REGION_LENGTH__)?__DATA_REGION_LENGTH__:0xffa0
                [0x00000400]                __EEPROM_REGION_LENGTH__ = DEFINED (__EEPROM_REGION_LENGTH__)?__EEPROM_REGION_LENGTH__:0x10000
                [0x00000002]                __FUSE_REGION_LENGTH__ = DEFINED (__FUSE_REGION_LENGTH__)?__FUSE_REGION_LENGTH__:0x400
                0x00000400                __LOCK_REGION_LENGTH__ = DEFINED (__LOCK_REGION_LENGTH__)?__LOCK_REGION_LENGTH__:0x400
                0x00000400                __SIGNATURE_REGION_LENGTH__ = DEFINED (__SIGNATURE_REGION_LENGTH__)?__SIGNATURE_REGION_LENGTH__:0x400
                0x00000400                __USER_SIGNATURE_REGION_LENGTH__ = DEFINED (__USER_SIGNATURE_REGION_LENGTH__)?__USER_SIGNATURE_REGION_LENGTH__:0x400

.hash
 *(.hash)

.dynsym
 *(.dynsym)

.dynstr
 *(.dynstr)

.gnu.version
 *(.gnu.version)

.gnu.version_d
 *(.gnu.version_d)

.gnu.version_r
 *(.gnu.version_r)

.rel.init
 *(.rel.init)

.rela.init
 *(.rela.init)

.rel.text
 *(.rel.text)
 *(.rel.text.*)
 *(.rel.gnu.linkonce.t*)

.rela.text
 *(.rela.text)
 *(.rela.text.*)
 *(.rela.gnu.linkonce.t*)

.rel.fini
 *(.rel.fini)

.rela.fini
 *(.rela.fini)

.rel.rodata
 *(.rel.rodata)
 *(.rel.rodata.*)
 *(.rel.gnu.linkonce.r*)

.rela.rodata
 *(.rela.rodata)
 *(.rela.rodata.*)
 *(.rela.gnu.linkonce.r*)

.rel.data
 *(.rel.data)
 *(.rel.data.*)
 *(.rel.gnu.linkonce.d*)

.rela.data
 *(.rela.data)
 *(.rela.data.*)
 *(.rela.gnu.linkonce.d*)

.rel.ctors
 *(.rel.ctors)

.rela.ctors
 *(.rela.ctors)

.rel.dtors
 *(.rel.dtors)

.rela.dtors
 *(.rela.dtors)

.rel.got
 *(.rel.got)

.rela.got
 *(.rela.got)

.rel.bss
 *(.rel.bss)

.rela.bss
 *(.rela.bss)

.rel.plt
 *(.rel.plt)

.rela.plt
 *(.rela.plt)

.text           0x00000000      0xc3a
 *(.vectors)
 .vectors       0x00000000       0x54 E:/Ebedded systems Diploma/interfacing/AS/7.0/Packs/atmel/ATmega_DFP/1.7.374/gcc/dev/atmega32/avr5/crtatmega32.o
                0x00000000                __vector_default
                0x00000000                __vectors
 *(.vectors)
 *(.progmem.gcc*)
                0x00000054                . = ALIGN (0x2)
                0x00000054                __trampolines_start = .
 *(.trampolines)
 .trampolines   0x00000054        0x0 linker stubs
 *(.trampolines*)
                0x00000054                __trampolines_end = .
 *libprintf_flt.a:*(.progmem.data)
 *libc.a:*(.progmem.data)
 *(.progmem*)
                0x00000054                . = ALIGN (0x2)
 *(.jumptables)
 *(.jumptables*)
 *(.lowtext)
 *(.lowtext*)
                0x00000054                __ctors_start = .
 *(.ctors)
                0x00000054                __ctors_end = .
                0x00000054                __dtors_start = .
 *(.dtors)
                0x00000054                __dtors_end = .
 SORT(*)(.ctors)
 SORT(*)(.dtors)
 *(.init0)
 .init0         0x00000054        0x0 E:/Ebedded systems Diploma/interfacing/AS/7.0/Packs/atmel/ATmega_DFP/1.7.374/gcc/dev/atmega32/avr5/crtatmega32.o
                0x00000054                __init
 *(.init0)
 *(.init1)
 *(.init1)
 *(.init2)
 .init2         0x00000054        0xc E:/Ebedded systems Diploma/interfacing/AS/7.0/Packs/atmel/ATmega_DFP/1.7.374/gcc/dev/atmega32/avr5/crtatmega32.o
 *(.init2)
 *(.init3)
 *(.init3)
 *(.init4)
 .init4         0x00000060       0x16 e:/ebedded systems diploma/interfacing/as/7.0/toolchain/avr8/avr8-gnu-toolchain/bin/../lib/gcc/avr/5.4.0/avr5\libgcc.a(_copy_data.o)
                0x00000060                __do_copy_data
 *(.init4)
 *(.init5)
 *(.init5)
 *(.init6)
 *(.init6)
 *(.init7)
 *(.init7)
 *(.init8)
 *(.init8)
 *(.init9)
 .init9         0x00000076        0x8 E:/Ebedded systems Diploma/interfacing/AS/7.0/Packs/atmel/ATmega_DFP/1.7.374/gcc/dev/atmega32/avr5/crtatmega32.o
 *(.init9)
 *(.text)
 .text          0x0000007e        0x4 E:/Ebedded systems Diploma/interfacing/AS/7.0/Packs/atmel/ATmega_DFP/1.7.374/gcc/dev/atmega32/avr5/crtatmega32.o
                0x0000007e                __vector_1
                0x0000007e                __vector_12
                0x0000007e                __bad_interrupt
                0x0000007e                __vector_6
                0x0000007e                __vector_3
                0x0000007e                __vector_11
                0x0000007e                __vector_13
                0x0000007e                __vector_17
                0x0000007e                __vector_19
                0x0000007e                __vector_7
                0x0000007e                __vector_5
                0x0000007e                __vector_4
                0x0000007e                __vector_9
                0x0000007e                __vector_2
                0x0000007e                __vector_15
                0x0000007e                __vector_8
                0x0000007e                __vector_14
                0x0000007e                __vector_10
                0x0000007e                __vector_16
                0x0000007e                __vector_18
                0x0000007e                __vector_20
                0x00000082                . = ALIGN (0x2)
 *(.text.*)
 .text.DcMotor_init
                0x00000082       0x3e HAL/DC motor/src/DcMotor.o
                0x00000082                DcMotor_init
 .text.MoveInDirction
                0x000000c0       0x92 HAL/DC motor/src/DcMotor.o
                0x000000c0                MoveInDirction
 .text.Stop     0x00000152       0x16 HAL/DC motor/src/DcMotor.o
                0x00000152                Stop
 .text.TurnLeft
                0x00000168       0x22 HAL/DC motor/src/DcMotor.o
                0x00000168                TurnLeft
 .text.TurnRight
                0x0000018a       0x2c HAL/DC motor/src/DcMotor.o
                0x0000018a                TurnRight
 .text.GoForward
                0x000001b6       0x12 HAL/DC motor/src/DcMotor.o
                0x000001b6                GoForward
 .text.Enable_pulse
                0x000001c8       0x24 HAL/LCD/src/LCD.o
 .text.Lcd_Data
                0x000001ec       0x38 HAL/LCD/src/LCD.o
                0x000001ec                Lcd_Data
 .text.Lcd_Cmd  0x00000224       0x38 HAL/LCD/src/LCD.o
                0x00000224                Lcd_Cmd
 .text.Lcd_DisplayChr
                0x0000025c        0x6 HAL/LCD/src/LCD.o
                0x0000025c                Lcd_DisplayChr
 .text.Lcd_DisplayStr
                0x00000262       0x1a HAL/LCD/src/LCD.o
                0x00000262                Lcd_DisplayStr
 .text.Lcd_Poss
                0x0000027c       0x1e HAL/LCD/src/LCD.o
                0x0000027c                Lcd_Poss
 .text.Lcd_init
                0x0000029a       0x8e HAL/LCD/src/LCD.o
                0x0000029a                Lcd_init
 .text.Lcd_Displayu8
                0x00000328      0x106 HAL/LCD/src/LCD.o
                0x00000328                Lcd_Displayu8
 .text.LCD_DisplayFloat
                0x0000042e       0x68 HAL/LCD/src/LCD.o
                0x0000042e                LCD_DisplayFloat
 .text.Servo_init
                0x00000496        0xc HAL/servo motor/src/Servo.o
                0x00000496                Servo_init
 .text.Possition_Zero
                0x000004a2       0x3c HAL/servo motor/src/Servo.o
                0x000004a2                Possition_Zero
 .text.Possition_90
                0x000004de       0x3c HAL/servo motor/src/Servo.o
                0x000004de                Possition_90
 .text.Possition_180
                0x0000051a       0x3e HAL/servo motor/src/Servo.o
                0x0000051a                Possition_180
 .text.HCSR04Init
                0x00000558        0x8 HAL/Ultrasonic/src/UltraSonic.o
                0x00000558                HCSR04Init
 .text.GetPulseWidth
                0x00000560       0x9a HAL/Ultrasonic/src/UltraSonic.o
                0x00000560                GetPulseWidth
 .text.main     0x000005fa       0xec main.o
                0x000005fa                main
 .text.DIO_ConfigChannel
                0x000006e6       0xda MCAL/Dioo.o
                0x000006e6                DIO_ConfigChannel
 .text.DIO_WriteChannel
                0x000007c0       0xda MCAL/Dioo.o
                0x000007c0                DIO_WriteChannel
 .text.DIO_WriteGroup
                0x0000089a       0x50 MCAL/Dioo.o
                0x0000089a                DIO_WriteGroup
 .text.avr-libc.fplib
                0x000008ea        0xe e:/ebedded systems diploma/interfacing/as/7.0/toolchain/avr8/avr8-gnu-toolchain/bin/../lib/gcc/avr/5.4.0/../../../../avr/lib/avr5\libm.a(addsf3.o)
                0x000008ea                __subsf3
                0x000008ec                __addsf3
 .text.avr-libc.fplib
                0x000008f8       0xcc e:/ebedded systems diploma/interfacing/as/7.0/toolchain/avr8/avr8-gnu-toolchain/bin/../lib/gcc/avr/5.4.0/../../../../avr/lib/avr5\libm.a(addsf3x.o)
                0x0000091a                __addsf3x
 .text.avr-libc.fplib
                0x000009c4       0x5e e:/ebedded systems diploma/interfacing/as/7.0/toolchain/avr8/avr8-gnu-toolchain/bin/../lib/gcc/avr/5.4.0/../../../../avr/lib/avr5\libm.a(fixunssfsi.o)
                0x000009c4                __fixunssfsi
 .text.avr-libc.fplib
                0x00000a22       0x7a e:/ebedded systems diploma/interfacing/as/7.0/toolchain/avr8/avr8-gnu-toolchain/bin/../lib/gcc/avr/5.4.0/../../../../avr/lib/avr5\libm.a(floatsisf.o)
                0x00000a22                __floatunsisf
                0x00000a26                __floatsisf
 .text.avr-libc.fplib
                0x00000a9c        0xc e:/ebedded systems diploma/interfacing/as/7.0/toolchain/avr8/avr8-gnu-toolchain/bin/../lib/gcc/avr/5.4.0/../../../../avr/lib/avr5\libm.a(fp_inf.o)
                0x00000a9c                __fp_inf
 .text.avr-libc.fplib
                0x00000aa8        0x6 e:/ebedded systems diploma/interfacing/as/7.0/toolchain/avr8/avr8-gnu-toolchain/bin/../lib/gcc/avr/5.4.0/../../../../avr/lib/avr5\libm.a(fp_nan.o)
                0x00000aa8                __fp_nan
 .text.avr-libc.fplib
                0x00000aae        0xe e:/ebedded systems diploma/interfacing/as/7.0/toolchain/avr8/avr8-gnu-toolchain/bin/../lib/gcc/avr/5.4.0/../../../../avr/lib/avr5\libm.a(fp_pscA.o)
                0x00000aae                __fp_pscA
 .text.avr-libc.fplib
                0x00000abc        0xe e:/ebedded systems diploma/interfacing/as/7.0/toolchain/avr8/avr8-gnu-toolchain/bin/../lib/gcc/avr/5.4.0/../../../../avr/lib/avr5\libm.a(fp_pscB.o)
                0x00000abc                __fp_pscB
 .text.avr-libc.fplib
                0x00000aca       0x22 e:/ebedded systems diploma/interfacing/as/7.0/toolchain/avr8/avr8-gnu-toolchain/bin/../lib/gcc/avr/5.4.0/../../../../avr/lib/avr5\libm.a(fp_round.o)
                0x00000aca                __fp_round
 .text.avr-libc.fplib
                0x00000aec       0x44 e:/ebedded systems diploma/interfacing/as/7.0/toolchain/avr8/avr8-gnu-toolchain/bin/../lib/gcc/avr/5.4.0/../../../../avr/lib/avr5\libm.a(fp_split3.o)
                0x00000aec                __fp_split3
                0x00000afc                __fp_splitA
 .text.avr-libc.fplib
                0x00000b30        0xe e:/ebedded systems diploma/interfacing/as/7.0/toolchain/avr8/avr8-gnu-toolchain/bin/../lib/gcc/avr/5.4.0/../../../../avr/lib/avr5\libm.a(fp_zero.o)
                0x00000b30                __fp_zero
                0x00000b32                __fp_szero
 .text.avr-libc.fplib
                0x00000b3e        0x8 e:/ebedded systems diploma/interfacing/as/7.0/toolchain/avr8/avr8-gnu-toolchain/bin/../lib/gcc/avr/5.4.0/../../../../avr/lib/avr5\libm.a(mulsf3.o)
                0x00000b3e                __mulsf3
 .text.avr-libc.fplib
                0x00000b46       0xd2 e:/ebedded systems diploma/interfacing/as/7.0/toolchain/avr8/avr8-gnu-toolchain/bin/../lib/gcc/avr/5.4.0/../../../../avr/lib/avr5\libm.a(mulsf3x.o)
                0x00000b64                __mulsf3x
                0x00000b6a                __mulsf3_pse
 .text.libgcc.mul
                0x00000c18       0x1e e:/ebedded systems diploma/interfacing/as/7.0/toolchain/avr8/avr8-gnu-toolchain/bin/../lib/gcc/avr/5.4.0/avr5\libgcc.a(_umulhisi3.o)
                0x00000c18                __umulhisi3
                0x00000c36                . = ALIGN (0x2)
 *(.fini9)
 .fini9         0x00000c36        0x0 e:/ebedded systems diploma/interfacing/as/7.0/toolchain/avr8/avr8-gnu-toolchain/bin/../lib/gcc/avr/5.4.0/avr5\libgcc.a(_exit.o)
                0x00000c36                _exit
                0x00000c36                exit
 *(.fini9)
 *(.fini8)
 *(.fini8)
 *(.fini7)
 *(.fini7)
 *(.fini6)
 *(.fini6)
 *(.fini5)
 *(.fini5)
 *(.fini4)
 *(.fini4)
 *(.fini3)
 *(.fini3)
 *(.fini2)
 *(.fini2)
 *(.fini1)
 *(.fini1)
 *(.fini0)
 .fini0         0x00000c36        0x4 e:/ebedded systems diploma/interfacing/as/7.0/toolchain/avr8/avr8-gnu-toolchain/bin/../lib/gcc/avr/5.4.0/avr5\libgcc.a(_exit.o)
 *(.fini0)
                0x00000c3a                _etext = .

.data           0x00800060       0x3e load address 0x00000c3a
                0x00800060                PROVIDE (__data_start, .)
 *(.data)
 *(.data*)
 *(.gnu.linkonce.d*)
 *(.rodata)
 *(.rodata*)
 .rodata.str1.1
                0x00800060       0x3e main.o
 *(.gnu.linkonce.r*)
                0x0080009e                . = ALIGN (0x2)
                0x0080009e                _edata = .
                0x0080009e                PROVIDE (__data_end, .)

.bss            0x0080009e        0x0
                [!provide]                PROVIDE (__bss_start, .)
 *(.bss)
 *(.bss*)
 *(COMMON)
                [!provide]                PROVIDE (__bss_end, .)
                0x00000c3a                __data_load_start = LOADADDR (.data)
                0x00000c78                __data_load_end = (__data_load_start + SIZEOF (.data))

.noinit         0x0080009e        0x0
                [!provide]                PROVIDE (__noinit_start, .)
 *(.noinit*)
                [!provide]                PROVIDE (__noinit_end, .)
                0x0080009e                _end = .
                [!provide]                PROVIDE (__heap_start, .)

.eeprom         0x00810000        0x0
 *(.eeprom*)
                0x00810000                __eeprom_end = .

.fuse
 *(.fuse)
 *(.lfuse)
 *(.hfuse)
 *(.efuse)

.lock
 *(.lock*)

.signature
 *(.signature*)

.user_signatures
 *(.user_signatures*)

.stab
 *(.stab)

.stabstr
 *(.stabstr)

.stab.excl
 *(.stab.excl)

.stab.exclstr
 *(.stab.exclstr)

.stab.index
 *(.stab.index)

.stab.indexstr
 *(.stab.indexstr)

.comment        0x00000000       0x30
 *(.comment)
 .comment       0x00000000       0x30 HAL/DC motor/src/DcMotor.o
                                 0x31 (size before relaxing)
 .comment       0x00000030       0x31 HAL/LCD/src/LCD.o
 .comment       0x00000030       0x31 HAL/servo motor/src/Servo.o
 .comment       0x00000030       0x31 HAL/Ultrasonic/src/UltraSonic.o
 .comment       0x00000030       0x31 main.o
 .comment       0x00000030       0x31 MCAL/Dioo.o

.note.gnu.avr.deviceinfo
                0x00000000       0x3c
 .note.gnu.avr.deviceinfo
                0x00000000       0x3c E:/Ebedded systems Diploma/interfacing/AS/7.0/Packs/atmel/ATmega_DFP/1.7.374/gcc/dev/atmega32/avr5/crtatmega32.o

.note.gnu.build-id
 *(.note.gnu.build-id)

.debug
 *(.debug)

.line
 *(.line)

.debug_srcinfo
 *(.debug_srcinfo)

.debug_sfnames
 *(.debug_sfnames)

.debug_aranges  0x00000000      0x178
 *(.debug_aranges)
 .debug_aranges
                0x00000000       0x48 HAL/DC motor/src/DcMotor.o
 .debug_aranges
                0x00000048       0x68 HAL/LCD/src/LCD.o
 .debug_aranges
                0x000000b0       0x38 HAL/servo motor/src/Servo.o
 .debug_aranges
                0x000000e8       0x30 HAL/Ultrasonic/src/UltraSonic.o
 .debug_aranges
                0x00000118       0x20 main.o
 .debug_aranges
                0x00000138       0x40 MCAL/Dioo.o

.debug_pubnames
 *(.debug_pubnames)

.debug_info     0x00000000     0x2110
 *(.debug_info .gnu.linkonce.wi.*)
 .debug_info    0x00000000      0x4e6 E:/Ebedded systems Diploma/interfacing/AS/7.0/Packs/atmel/ATmega_DFP/1.7.374/gcc/dev/atmega32/avr5/crtatmega32.o
 .debug_info    0x000004e6      0x5a9 HAL/DC motor/src/DcMotor.o
 .debug_info    0x00000a8f      0x9ab HAL/LCD/src/LCD.o
 .debug_info    0x0000143a      0x4d6 HAL/servo motor/src/Servo.o
 .debug_info    0x00001910      0x160 HAL/Ultrasonic/src/UltraSonic.o
 .debug_info    0x00001a70      0x42b main.o
 .debug_info    0x00001e9b      0x275 MCAL/Dioo.o

.debug_abbrev   0x00000000      0xba0
 *(.debug_abbrev)
 .debug_abbrev  0x00000000      0x4a3 E:/Ebedded systems Diploma/interfacing/AS/7.0/Packs/atmel/ATmega_DFP/1.7.374/gcc/dev/atmega32/avr5/crtatmega32.o
 .debug_abbrev  0x000004a3      0x139 HAL/DC motor/src/DcMotor.o
 .debug_abbrev  0x000005dc      0x1b9 HAL/LCD/src/LCD.o
 .debug_abbrev  0x00000795      0x12e HAL/servo motor/src/Servo.o
 .debug_abbrev  0x000008c3      0x103 HAL/Ultrasonic/src/UltraSonic.o
 .debug_abbrev  0x000009c6       0xfd main.o
 .debug_abbrev  0x00000ac3       0xdd MCAL/Dioo.o

.debug_line     0x00000000     0x1077
 *(.debug_line .debug_line.* .debug_line_end)
 .debug_line    0x00000000      0x116 E:/Ebedded systems Diploma/interfacing/AS/7.0/Packs/atmel/ATmega_DFP/1.7.374/gcc/dev/atmega32/avr5/crtatmega32.o
 .debug_line    0x00000116      0x2ad HAL/DC motor/src/DcMotor.o
 .debug_line    0x000003c3      0x38c HAL/LCD/src/LCD.o
 .debug_line    0x0000074f      0x279 HAL/servo motor/src/Servo.o
 .debug_line    0x000009c8      0x1ea HAL/Ultrasonic/src/UltraSonic.o
 .debug_line    0x00000bb2      0x2cd main.o
 .debug_line    0x00000e7f      0x1f8 MCAL/Dioo.o

.debug_frame    0x00000000      0x2d8
 *(.debug_frame)
 .debug_frame   0x00000000       0x74 HAL/DC motor/src/DcMotor.o
 .debug_frame   0x00000074      0x120 HAL/LCD/src/LCD.o
 .debug_frame   0x00000194       0x78 HAL/servo motor/src/Servo.o
 .debug_frame   0x0000020c       0x44 HAL/Ultrasonic/src/UltraSonic.o
 .debug_frame   0x00000250       0x24 main.o
 .debug_frame   0x00000274       0x64 MCAL/Dioo.o

.debug_str      0x00000000      0x7b9
 *(.debug_str)
 .debug_str     0x00000000      0x196 E:/Ebedded systems Diploma/interfacing/AS/7.0/Packs/atmel/ATmega_DFP/1.7.374/gcc/dev/atmega32/avr5/crtatmega32.o
 .debug_str     0x00000196      0x29b HAL/DC motor/src/DcMotor.o
                                0x2d9 (size before relaxing)
 .debug_str     0x00000431      0x232 HAL/LCD/src/LCD.o
                                0x479 (size before relaxing)
 .debug_str     0x00000663       0x54 HAL/servo motor/src/Servo.o
                                0x2de (size before relaxing)
 .debug_str     0x000006b7       0x80 HAL/Ultrasonic/src/UltraSonic.o
                                0x220 (size before relaxing)
 .debug_str     0x00000737       0x11 main.o
                                0x299 (size before relaxing)
 .debug_str     0x00000748       0x71 MCAL/Dioo.o
                                0x2a3 (size before relaxing)

.debug_loc      0x00000000      0xfdf
 *(.debug_loc)
 .debug_loc     0x00000000      0x1ac HAL/DC motor/src/DcMotor.o
 .debug_loc     0x000001ac      0x61b HAL/LCD/src/LCD.o
 .debug_loc     0x000007c7      0x29b HAL/servo motor/src/Servo.o
 .debug_loc     0x00000a62       0xf1 HAL/Ultrasonic/src/UltraSonic.o
 .debug_loc     0x00000b53      0x13c main.o
 .debug_loc     0x00000c8f      0x350 MCAL/Dioo.o

.debug_macinfo
 *(.debug_macinfo)

.debug_weaknames
 *(.debug_weaknames)

.debug_funcnames
 *(.debug_funcnames)

.debug_typenames
 *(.debug_typenames)

.debug_varnames
 *(.debug_varnames)

.debug_pubtypes
 *(.debug_pubtypes)

.debug_ranges   0x00000000      0x118
 *(.debug_ranges)
 .debug_ranges  0x00000000       0x38 HAL/DC motor/src/DcMotor.o
 .debug_ranges  0x00000038       0x58 HAL/LCD/src/LCD.o
 .debug_ranges  0x00000090       0x28 HAL/servo motor/src/Servo.o
 .debug_ranges  0x000000b8       0x20 HAL/Ultrasonic/src/UltraSonic.o
 .debug_ranges  0x000000d8       0x10 main.o
 .debug_ranges  0x000000e8       0x30 MCAL/Dioo.o

.debug_macro
 *(.debug_macro)
OUTPUT(GccApplication1.elf elf32-avr)
LOAD linker stubs
